exports[`test renders correctly 1`] = `
<View
  style={
    Object {
      "flex": 1,
      "flexDirection": "column",
    }
  }>
  <View>
    <RCTScrollView>
      <View />
    </RCTScrollView>
  </View>
  <View
    style={
      Object {
        "height": 80,
      }
    }>
    <View
      style={
        Object {
          "alignItems": "stretch",
          "flexDirection": "row",
          "height": 40,
        }
      }>
      <TextInput
        onChangeText={[Function]}
        style={
          Object {
            "borderColor": "#EDEDED",
            "borderWidth": 1,
            "flex": 8,
            "paddingLeft": 5,
          }
        }
        value="" />
    </View>
    <View
      style={
        Object {
          "alignItems": "stretch",
          "flexDirection": "row",
          "height": 40,
        }
      }>
      <Text
        accessible={true}
        allowFontScaling={false}
        ellipsizeMode="tail"
        style={
          Array [
            Object {
              "color": undefined,
              "fontSize": 20,
            },
            Object {
              "color": "#8A8A8A",
              "paddingLeft": 7,
              "paddingRight": 10,
              "paddingTop": 10,
            },
            Object {
              "fontFamily": "FontAwesome",
              "fontStyle": "normal",
              "fontWeight": "normal",
            },
          ]
        }>
        
      </Text>
      <Text
        accessible={true}
        allowFontScaling={false}
        ellipsizeMode="tail"
        style={
          Array [
            Object {
              "color": undefined,
              "fontSize": 20,
            },
            Object {
              "color": "#8A8A8A",
              "paddingLeft": 7,
              "paddingRight": 10,
              "paddingTop": 10,
            },
            Object {
              "fontFamily": "FontAwesome",
              "fontStyle": "normal",
              "fontWeight": "normal",
            },
          ]
        }>
        
      </Text>
      <Text
        accessible={true}
        allowFontScaling={false}
        ellipsizeMode="tail"
        style={
          Array [
            Object {
              "color": undefined,
              "fontSize": 20,
            },
            Object {
              "color": "#8A8A8A",
              "paddingLeft": 7,
              "paddingRight": 10,
              "paddingTop": 10,
            },
            Object {
              "fontFamily": "FontAwesome",
              "fontStyle": "normal",
              "fontWeight": "normal",
            },
          ]
        }>
        
      </Text>
      <Text
        accessible={true}
        allowFontScaling={false}
        ellipsizeMode="tail"
        style={
          Array [
            Object {
              "color": undefined,
              "fontSize": 20,
            },
            Object {
              "color": "#8A8A8A",
              "paddingLeft": 7,
              "paddingRight": 10,
              "paddingTop": 10,
            },
            Object {
              "fontFamily": "FontAwesome",
              "fontStyle": "normal",
              "fontWeight": "normal",
            },
          ]
        }>
        
      </Text>
    </View>
  </View>
</View>
`;
