// Jest Snapshot v1, https://goo.gl/fbAQLP

exports[`renders correctly 1`] = `
<div
  className="sidebar-main"
>
  <div
    className="sidebar-container"
  >
    <div
      className="sidebar-search"
    >
      <div
        className="sidebar-search-input"
      >
        <i
          className="fa fa-search"
        />
        <input
          className="form-group"
          id="input_friend"
          onKeyUp={[Function]}
          placeholder="Search for ..."
          type="text"
        />
      </div>
      <div
        className="sidebar-search-create-msg"
      >
        <span>
          <i
            className="fa fa-pencil-square-o"
          />
        </span>
      </div>
    </div>
    <div
      className="sidebar-content"
    />
  </div>
</div>
`;
